// Jest Snapshot v1, https://goo.gl/fbAQLP

exports[`Signin Screen structure should match the snapshot 1`] = `
<View>
  <Text>
    Signin Screen
  </Text>
</View>
`;
