// Jest Snapshot v1, https://goo.gl/fbAQLP

exports[`Card structure should match the snapshot for Card 1`] = `
<View
  style={
    Array [
      Object {
        "alignItems": "center",
        "backgroundColor": "#f5f5f5",
        "borderBottomLeftRadius": 10,
        "borderBottomRightRadius": 10,
        "borderColor": "#9e9e9e",
        "borderStyle": "solid",
        "borderTopLeftRadius": 10,
        "borderTopRightRadius": 10,
        "borderWidth": 1,
        "flexBasis": 0,
        "flexGrow": 1,
        "flexShrink": 1,
        "paddingBottom": 10,
        "paddingLeft": 10,
        "paddingRight": 10,
        "paddingTop": 10,
        "shadowColor": "#9e9e9e",
        "shadowOffset": Object {
          "height": 5,
          "width": -5,
        },
        "shadowOpacity": 1,
        "shadowRadius": 0,
      },
      undefined,
    ]
  }
  testID="card-test"
/>
`;
